// Jest Snapshot v1, https://goo.gl/fbAQLP

exports[`Column Component Test Suite Render Column component with no props 1`] = `
<div
  className="Column-component column undefined"
/>
`;
