// Jest Snapshot v1, https://goo.gl/fbAQLP

exports[`Button Component Test Suite Render Button component with no props 1`] = `
<button
  className="
        Button-component 
        button 
         
         
         
         
        Button
      "
>
  Button
</button>
`;
